monitor:0x6: error inserting Whamm! probe whamm probe: instruction argument type mismatch
