func=0, pc=5: 10+20=30
func=0, pc=8: 30+30=60
func=2, pc=5: 40+50=90
func=0, pc=11: 60+90=150
