monitor:0x5: error inserting Whamm! probe whamm probe: cannot use dynamic data in static context (local)
