monitor:0x2: error inserting Whamm! probe whamm probe: immediate argument out of bounds
