func=0, pc=1: 10
func=0, pc=4: 20
func=1, pc=1: 25
func=0, pc=9: 30
