monitor:0x2: error inserting Whamm! probe whamm probe: type mismatch on pc argument
