monitor:0x2: error inserting Whamm! probe whamm probe: arity mismatch between wasm function params and whamm exported name
