monitor:0x5: error inserting Whamm! probe whamm probe: type mismatch on call return type
