hello call!
hello br_if!
hello br_if!
hello br_if!
hello br_if!
hello br_if!
hello br_if!
hello call!
hello br_if!
hello br_if!
hello br_if!
hello br_if!
hello br_if!
hello br_if!
hello br_if!
hello br_if!
hello br_if!
hello br_if!
hello br_if!
hello br_if!
hello br_if!
hello br_if!
hello br_if!
hello br_if!
hello br_if!
hello br_if!
hello br_if!
hello br_if!
