wasi_snapshot_preview1.fd_prestat_get(3, 16)
  ==> 0
